[0.264s] DEBUG:colcon:Command line arguments: ['/usr/bin/colcon', 'build']
[0.264s] DEBUG:colcon:Parsed command line arguments: Namespace(allow_overriding=[], ament_cmake_args=None, base_paths=['.'], build_base='build', catkin_cmake_args=None, catkin_skip_building_tests=False, cmake_args=None, cmake_clean_cache=False, cmake_clean_first=False, cmake_force_configure=False, cmake_target=None, cmake_target_skip_unavailable=False, continue_on_error=False, event_handlers=None, executor='parallel', ignore_user_meta=False, install_base='install', log_base=None, log_level=None, main=<bound method BuildVerb.main of <colcon_core.verb.build.BuildVerb object at 0x7f67d8b68760>>, merge_install=False, metas=['./colcon.meta'], packages_above=None, packages_above_and_dependencies=None, packages_above_depth=None, packages_end=None, packages_ignore=None, packages_ignore_regex=None, packages_select=None, packages_select_build_failed=False, packages_select_by_dep=None, packages_select_regex=None, packages_select_test_failures=False, packages_skip=None, packages_skip_build_finished=False, packages_skip_by_dep=None, packages_skip_regex=None, packages_skip_test_passed=False, packages_skip_up_to=None, packages_start=None, packages_up_to=None, packages_up_to_regex=None, parallel_workers=4, paths=None, symlink_install=False, test_result_base=None, verb_extension=<colcon_core.verb.build.BuildVerb object at 0x7f67d8b68760>, verb_name='build', verb_parser=<colcon_defaults.argument_parser.defaults.DefaultArgumentsDecorator object at 0x7f67d8b68cd0>)
[0.470s] Level 1:colcon.colcon_core.package_discovery:discover_packages(colcon_meta) check parameters
[0.471s] Level 1:colcon.colcon_core.package_discovery:discover_packages(recursive) check parameters
[0.471s] Level 1:colcon.colcon_core.package_discovery:discover_packages(ignore) check parameters
[0.471s] Level 1:colcon.colcon_core.package_discovery:discover_packages(path) check parameters
[0.471s] Level 1:colcon.colcon_core.package_discovery:discover_packages(colcon_meta) discover
[0.471s] Level 1:colcon.colcon_core.package_discovery:discover_packages(recursive) discover
[0.471s] INFO:colcon.colcon_core.package_discovery:Crawling recursively for packages in '/home/vinnu/fixed_path_ws'
[0.471s] Level 1:colcon.colcon_core.package_identification:_identify(.) by extensions ['ignore', 'ignore_ament_install']
[0.471s] Level 1:colcon.colcon_core.package_identification:_identify(.) by extension 'ignore'
[0.471s] Level 1:colcon.colcon_core.package_identification:_identify(.) by extension 'ignore_ament_install'
[0.471s] Level 1:colcon.colcon_core.package_identification:_identify(.) by extensions ['colcon_pkg']
[0.471s] Level 1:colcon.colcon_core.package_identification:_identify(.) by extension 'colcon_pkg'
[0.471s] Level 1:colcon.colcon_core.package_identification:_identify(.) by extensions ['colcon_meta']
[0.471s] Level 1:colcon.colcon_core.package_identification:_identify(.) by extension 'colcon_meta'
[0.471s] Level 1:colcon.colcon_core.package_identification:_identify(.) by extensions ['ros']
[0.471s] Level 1:colcon.colcon_core.package_identification:_identify(.) by extension 'ros'
[0.486s] Level 1:colcon.colcon_core.package_identification:_identify(.) by extensions ['cmake', 'python']
[0.486s] Level 1:colcon.colcon_core.package_identification:_identify(.) by extension 'cmake'
[0.486s] Level 1:colcon.colcon_core.package_identification:_identify(.) by extension 'python'
[0.487s] Level 1:colcon.colcon_core.package_identification:_identify(.) by extensions ['python_setup_py']
[0.487s] Level 1:colcon.colcon_core.package_identification:_identify(.) by extension 'python_setup_py'
[0.487s] Level 1:colcon.colcon_core.package_identification:_identify(build) by extensions ['ignore', 'ignore_ament_install']
[0.487s] Level 1:colcon.colcon_core.package_identification:_identify(build) by extension 'ignore'
[0.487s] Level 1:colcon.colcon_core.package_identification:_identify(build) ignored
[0.487s] Level 1:colcon.colcon_core.package_identification:_identify(install) by extensions ['ignore', 'ignore_ament_install']
[0.487s] Level 1:colcon.colcon_core.package_identification:_identify(install) by extension 'ignore'
[0.487s] Level 1:colcon.colcon_core.package_identification:_identify(install) ignored
[0.487s] Level 1:colcon.colcon_core.package_identification:_identify(log) by extensions ['ignore', 'ignore_ament_install']
[0.487s] Level 1:colcon.colcon_core.package_identification:_identify(log) by extension 'ignore'
[0.487s] Level 1:colcon.colcon_core.package_identification:_identify(log) ignored
[0.488s] Level 1:colcon.colcon_core.package_identification:_identify(path) by extensions ['ignore', 'ignore_ament_install']
[0.488s] Level 1:colcon.colcon_core.package_identification:_identify(path) by extension 'ignore'
[0.488s] Level 1:colcon.colcon_core.package_identification:_identify(path) by extension 'ignore_ament_install'
[0.488s] Level 1:colcon.colcon_core.package_identification:_identify(path) by extensions ['colcon_pkg']
[0.488s] Level 1:colcon.colcon_core.package_identification:_identify(path) by extension 'colcon_pkg'
[0.488s] Level 1:colcon.colcon_core.package_identification:_identify(path) by extensions ['colcon_meta']
[0.488s] Level 1:colcon.colcon_core.package_identification:_identify(path) by extension 'colcon_meta'
[0.488s] Level 1:colcon.colcon_core.package_identification:_identify(path) by extensions ['ros']
[0.488s] Level 1:colcon.colcon_core.package_identification:_identify(path) by extension 'ros'
[0.488s] Level 1:colcon.colcon_core.package_identification:_identify(path) by extensions ['cmake', 'python']
[0.488s] Level 1:colcon.colcon_core.package_identification:_identify(path) by extension 'cmake'
[0.488s] Level 1:colcon.colcon_core.package_identification:_identify(path) by extension 'python'
[0.488s] Level 1:colcon.colcon_core.package_identification:_identify(path) by extensions ['python_setup_py']
[0.488s] Level 1:colcon.colcon_core.package_identification:_identify(path) by extension 'python_setup_py'
[0.488s] Level 1:colcon.colcon_core.package_identification:_identify(src) by extensions ['ignore', 'ignore_ament_install']
[0.488s] Level 1:colcon.colcon_core.package_identification:_identify(src) by extension 'ignore'
[0.488s] Level 1:colcon.colcon_core.package_identification:_identify(src) by extension 'ignore_ament_install'
[0.488s] Level 1:colcon.colcon_core.package_identification:_identify(src) by extensions ['colcon_pkg']
[0.488s] Level 1:colcon.colcon_core.package_identification:_identify(src) by extension 'colcon_pkg'
[0.489s] Level 1:colcon.colcon_core.package_identification:_identify(src) by extensions ['colcon_meta']
[0.489s] Level 1:colcon.colcon_core.package_identification:_identify(src) by extension 'colcon_meta'
[0.489s] Level 1:colcon.colcon_core.package_identification:_identify(src) by extensions ['ros']
[0.489s] Level 1:colcon.colcon_core.package_identification:_identify(src) by extension 'ros'
[0.489s] Level 1:colcon.colcon_core.package_identification:_identify(src) by extensions ['cmake', 'python']
[0.489s] Level 1:colcon.colcon_core.package_identification:_identify(src) by extension 'cmake'
[0.489s] Level 1:colcon.colcon_core.package_identification:_identify(src) by extension 'python'
[0.489s] Level 1:colcon.colcon_core.package_identification:_identify(src) by extensions ['python_setup_py']
[0.489s] Level 1:colcon.colcon_core.package_identification:_identify(src) by extension 'python_setup_py'
[0.489s] Level 1:colcon.colcon_core.package_identification:_identify(src/fixed_path_nav) by extensions ['ignore', 'ignore_ament_install']
[0.489s] Level 1:colcon.colcon_core.package_identification:_identify(src/fixed_path_nav) by extension 'ignore'
[0.489s] Level 1:colcon.colcon_core.package_identification:_identify(src/fixed_path_nav) by extension 'ignore_ament_install'
[0.489s] Level 1:colcon.colcon_core.package_identification:_identify(src/fixed_path_nav) by extensions ['colcon_pkg']
[0.490s] Level 1:colcon.colcon_core.package_identification:_identify(src/fixed_path_nav) by extension 'colcon_pkg'
[0.490s] Level 1:colcon.colcon_core.package_identification:_identify(src/fixed_path_nav) by extensions ['colcon_meta']
[0.490s] Level 1:colcon.colcon_core.package_identification:_identify(src/fixed_path_nav) by extension 'colcon_meta'
[0.490s] Level 1:colcon.colcon_core.package_identification:_identify(src/fixed_path_nav) by extensions ['ros']
[0.490s] Level 1:colcon.colcon_core.package_identification:_identify(src/fixed_path_nav) by extension 'ros'
[0.494s] DEBUG:colcon.colcon_core.package_identification:Package 'src/fixed_path_nav' with type 'ros.ament_python' and name 'fixed_path_nav'
[0.494s] Level 1:colcon.colcon_core.package_discovery:discover_packages(recursive) using defaults
[0.494s] Level 1:colcon.colcon_core.package_discovery:discover_packages(ignore) discover
[0.494s] Level 1:colcon.colcon_core.package_discovery:discover_packages(ignore) using defaults
[0.494s] Level 1:colcon.colcon_core.package_discovery:discover_packages(path) discover
[0.494s] Level 1:colcon.colcon_core.package_discovery:discover_packages(path) using defaults
[0.517s] Level 1:colcon.colcon_core.package_discovery:discover_packages(prefix_path) check parameters
[0.517s] Level 1:colcon.colcon_core.package_discovery:discover_packages(prefix_path) discover
[0.519s] WARNING:colcon.colcon_ros.prefix_path.ament:The path '/home/vinnu/fixed_path_ws/install/fixed_path_nav' in the environment variable AMENT_PREFIX_PATH doesn't exist
[0.521s] DEBUG:colcon.colcon_installed_package_information.package_discovery:Found 0 installed packages in /home/vinnu/fixed_path_ws/install
[0.523s] DEBUG:colcon.colcon_installed_package_information.package_discovery:Found 336 installed packages in /opt/ros/galactic
[0.526s] Level 1:colcon.colcon_core.package_discovery:discover_packages(prefix_path) using defaults
[0.632s] Level 5:colcon.colcon_core.verb:set package 'fixed_path_nav' build argument 'cmake_args' from command line to 'None'
[0.632s] Level 5:colcon.colcon_core.verb:set package 'fixed_path_nav' build argument 'cmake_target' from command line to 'None'
[0.632s] Level 5:colcon.colcon_core.verb:set package 'fixed_path_nav' build argument 'cmake_target_skip_unavailable' from command line to 'False'
[0.632s] Level 5:colcon.colcon_core.verb:set package 'fixed_path_nav' build argument 'cmake_clean_cache' from command line to 'False'
[0.632s] Level 5:colcon.colcon_core.verb:set package 'fixed_path_nav' build argument 'cmake_clean_first' from command line to 'False'
[0.632s] Level 5:colcon.colcon_core.verb:set package 'fixed_path_nav' build argument 'cmake_force_configure' from command line to 'False'
[0.632s] Level 5:colcon.colcon_core.verb:set package 'fixed_path_nav' build argument 'ament_cmake_args' from command line to 'None'
[0.632s] Level 5:colcon.colcon_core.verb:set package 'fixed_path_nav' build argument 'catkin_cmake_args' from command line to 'None'
[0.632s] Level 5:colcon.colcon_core.verb:set package 'fixed_path_nav' build argument 'catkin_skip_building_tests' from command line to 'False'
[0.632s] DEBUG:colcon.colcon_core.verb:Building package 'fixed_path_nav' with the following arguments: {'ament_cmake_args': None, 'build_base': '/home/vinnu/fixed_path_ws/build/fixed_path_nav', 'catkin_cmake_args': None, 'catkin_skip_building_tests': False, 'cmake_args': None, 'cmake_clean_cache': False, 'cmake_clean_first': False, 'cmake_force_configure': False, 'cmake_target': None, 'cmake_target_skip_unavailable': False, 'install_base': '/home/vinnu/fixed_path_ws/install/fixed_path_nav', 'merge_install': False, 'path': '/home/vinnu/fixed_path_ws/src/fixed_path_nav', 'symlink_install': False, 'test_result_base': None}
[0.632s] INFO:colcon.colcon_core.executor:Executing jobs using 'parallel' executor
[0.634s] DEBUG:colcon.colcon_parallel_executor.executor.parallel:run_until_complete
[0.634s] INFO:colcon.colcon_ros.task.ament_python.build:Building ROS package in '/home/vinnu/fixed_path_ws/src/fixed_path_nav' with build type 'ament_python'
[0.635s] Level 1:colcon.colcon_core.shell:create_environment_hook('fixed_path_nav', 'ament_prefix_path')
[0.638s] INFO:colcon.colcon_core.plugin_system:Skipping extension 'colcon_core.shell.bat': Not used on non-Windows systems
[0.638s] INFO:colcon.colcon_core.shell:Creating environment hook '/home/vinnu/fixed_path_ws/install/fixed_path_nav/share/fixed_path_nav/hook/ament_prefix_path.ps1'
[0.640s] INFO:colcon.colcon_core.shell:Creating environment descriptor '/home/vinnu/fixed_path_ws/install/fixed_path_nav/share/fixed_path_nav/hook/ament_prefix_path.dsv'
[0.640s] INFO:colcon.colcon_core.shell:Creating environment hook '/home/vinnu/fixed_path_ws/install/fixed_path_nav/share/fixed_path_nav/hook/ament_prefix_path.sh'
[0.641s] INFO:colcon.colcon_core.shell:Skip shell extension 'powershell' for command environment: Not usable outside of PowerShell
[0.641s] DEBUG:colcon.colcon_core.shell:Skip shell extension 'dsv' for command environment
[0.932s] WARNING:colcon.colcon_ros.task.ament_python.build:Package 'fixed_path_nav' doesn't explicitly install a marker in the package index (colcon-ros currently does it implicitly but that fallback will be removed in the future)
[0.932s] WARNING:colcon.colcon_ros.task.ament_python.build:Package 'fixed_path_nav' doesn't explicitly install the 'package.xml' file (colcon-ros currently does it implicitly but that fallback will be removed in the future)
[0.933s] INFO:colcon.colcon_core.task.python.build:Building Python package in '/home/vinnu/fixed_path_ws/src/fixed_path_nav'
[0.933s] INFO:colcon.colcon_core.shell:Skip shell extension 'powershell' for command environment: Not usable outside of PowerShell
[0.933s] DEBUG:colcon.colcon_core.shell:Skip shell extension 'dsv' for command environment
[1.431s] DEBUG:colcon.colcon_core.event_handler.log_command:Invoking command in '/home/vinnu/fixed_path_ws/src/fixed_path_nav': PYTHONPATH=/home/vinnu/fixed_path_ws/build/fixed_path_nav/prefix_override:/usr/lib/python3/dist-packages/colcon_core/task/python/colcon_distutils_commands:/home/vinnu/fixed_path_ws/install/fixed_path_nav/lib/python3.8/site-packages:${PYTHONPATH} /usr/bin/python3 -W ignore:setup.py install is deprecated -W ignore:easy_install command is deprecated setup.py egg_info --egg-base ../../build/fixed_path_nav build --build-base /home/vinnu/fixed_path_ws/build/fixed_path_nav/build install --record /home/vinnu/fixed_path_ws/build/fixed_path_nav/install.log --single-version-externally-managed
[1.806s] DEBUG:colcon.colcon_core.event_handler.log_command:Invoked command in '/home/vinnu/fixed_path_ws/src/fixed_path_nav' returned '0': PYTHONPATH=/home/vinnu/fixed_path_ws/build/fixed_path_nav/prefix_override:/usr/lib/python3/dist-packages/colcon_core/task/python/colcon_distutils_commands:/home/vinnu/fixed_path_ws/install/fixed_path_nav/lib/python3.8/site-packages:${PYTHONPATH} /usr/bin/python3 -W ignore:setup.py install is deprecated -W ignore:easy_install command is deprecated setup.py egg_info --egg-base ../../build/fixed_path_nav build --build-base /home/vinnu/fixed_path_ws/build/fixed_path_nav/build install --record /home/vinnu/fixed_path_ws/build/fixed_path_nav/install.log --single-version-externally-managed
[1.808s] Level 1:colcon.colcon_core.environment:checking '/home/vinnu/fixed_path_ws/install/fixed_path_nav' for CMake module files
[1.809s] Level 1:colcon.colcon_core.environment:checking '/home/vinnu/fixed_path_ws/install/fixed_path_nav' for CMake config files
[1.810s] Level 1:colcon.colcon_core.environment:checking '/home/vinnu/fixed_path_ws/install/fixed_path_nav/lib'
[1.810s] Level 1:colcon.colcon_core.environment:checking '/home/vinnu/fixed_path_ws/install/fixed_path_nav/bin'
[1.810s] Level 1:colcon.colcon_core.environment:checking '/home/vinnu/fixed_path_ws/install/fixed_path_nav/lib/pkgconfig/fixed_path_nav.pc'
[1.810s] Level 1:colcon.colcon_core.environment:checking '/home/vinnu/fixed_path_ws/install/fixed_path_nav/lib/python3.8/site-packages'
[1.810s] Level 1:colcon.colcon_core.shell:create_environment_hook('fixed_path_nav', 'pythonpath')
[1.811s] INFO:colcon.colcon_core.shell:Creating environment hook '/home/vinnu/fixed_path_ws/install/fixed_path_nav/share/fixed_path_nav/hook/pythonpath.ps1'
[1.812s] INFO:colcon.colcon_core.shell:Creating environment descriptor '/home/vinnu/fixed_path_ws/install/fixed_path_nav/share/fixed_path_nav/hook/pythonpath.dsv'
[1.812s] INFO:colcon.colcon_core.shell:Creating environment hook '/home/vinnu/fixed_path_ws/install/fixed_path_nav/share/fixed_path_nav/hook/pythonpath.sh'
[1.813s] Level 1:colcon.colcon_core.environment:checking '/home/vinnu/fixed_path_ws/install/fixed_path_nav/bin'
[1.813s] Level 1:colcon.colcon_core.environment:create_environment_scripts_only(fixed_path_nav)
[1.813s] INFO:colcon.colcon_core.shell:Creating package script '/home/vinnu/fixed_path_ws/install/fixed_path_nav/share/fixed_path_nav/package.ps1'
[1.814s] INFO:colcon.colcon_core.shell:Creating package descriptor '/home/vinnu/fixed_path_ws/install/fixed_path_nav/share/fixed_path_nav/package.dsv'
[1.815s] INFO:colcon.colcon_core.shell:Creating package script '/home/vinnu/fixed_path_ws/install/fixed_path_nav/share/fixed_path_nav/package.sh'
[1.816s] INFO:colcon.colcon_core.shell:Creating package script '/home/vinnu/fixed_path_ws/install/fixed_path_nav/share/fixed_path_nav/package.bash'
[1.817s] INFO:colcon.colcon_core.shell:Creating package script '/home/vinnu/fixed_path_ws/install/fixed_path_nav/share/fixed_path_nav/package.zsh'
[1.818s] Level 1:colcon.colcon_core.environment:create_file_with_runtime_dependencies(/home/vinnu/fixed_path_ws/install/fixed_path_nav/share/colcon-core/packages/fixed_path_nav)
[1.818s] DEBUG:colcon.colcon_parallel_executor.executor.parallel:closing loop
[1.818s] DEBUG:colcon.colcon_parallel_executor.executor.parallel:loop closed
[1.819s] DEBUG:colcon.colcon_parallel_executor.executor.parallel:run_until_complete finished with '0'
[1.819s] DEBUG:colcon.colcon_core.event_reactor:joining thread
[1.827s] INFO:colcon.colcon_core.plugin_system:Skipping extension 'colcon_notification.desktop_notification.terminal_notifier': Not used on non-Darwin systems
[1.827s] INFO:colcon.colcon_core.plugin_system:Skipping extension 'colcon_notification.desktop_notification.win32': Not used on non-Windows systems
[1.827s] INFO:colcon.colcon_notification.desktop_notification:Sending desktop notification using 'notify2'
[1.860s] DEBUG:colcon.colcon_core.event_reactor:joined thread
[1.861s] INFO:colcon.colcon_core.shell:Creating prefix script '/home/vinnu/fixed_path_ws/install/local_setup.ps1'
[1.862s] INFO:colcon.colcon_core.shell:Creating prefix util module '/home/vinnu/fixed_path_ws/install/_local_setup_util_ps1.py'
[1.864s] INFO:colcon.colcon_core.shell:Creating prefix chain script '/home/vinnu/fixed_path_ws/install/setup.ps1'
[1.868s] INFO:colcon.colcon_core.shell:Creating prefix script '/home/vinnu/fixed_path_ws/install/local_setup.sh'
[1.872s] INFO:colcon.colcon_core.shell:Creating prefix util module '/home/vinnu/fixed_path_ws/install/_local_setup_util_sh.py'
[1.873s] INFO:colcon.colcon_core.shell:Creating prefix chain script '/home/vinnu/fixed_path_ws/install/setup.sh'
[1.874s] INFO:colcon.colcon_core.shell:Creating prefix script '/home/vinnu/fixed_path_ws/install/local_setup.bash'
[1.875s] INFO:colcon.colcon_core.shell:Creating prefix chain script '/home/vinnu/fixed_path_ws/install/setup.bash'
[1.876s] INFO:colcon.colcon_core.shell:Creating prefix script '/home/vinnu/fixed_path_ws/install/local_setup.zsh'
[1.876s] INFO:colcon.colcon_core.shell:Creating prefix chain script '/home/vinnu/fixed_path_ws/install/setup.zsh'
