[0.794s] Invoking command in '/home/vinnu/fixed_path_ws/src/fixed_path_nav': PYTHONPATH=/home/vinnu/fixed_path_ws/build/fixed_path_nav/prefix_override:/usr/lib/python3/dist-packages/colcon_core/task/python/colcon_distutils_commands:/home/vinnu/fixed_path_ws/install/fixed_path_nav/lib/python3.8/site-packages:${PYTHONPATH} /usr/bin/python3 -W ignore:setup.py install is deprecated -W ignore:easy_install command is deprecated setup.py egg_info --egg-base ../../build/fixed_path_nav build --build-base /home/vinnu/fixed_path_ws/build/fixed_path_nav/build install --record /home/vinnu/fixed_path_ws/build/fixed_path_nav/install.log --single-version-externally-managed
[1.050s] running egg_info
[1.051s] creating ../../build/fixed_path_nav/fixed_path_nav.egg-info
[1.052s] writing ../../build/fixed_path_nav/fixed_path_nav.egg-info/PKG-INFO
[1.052s] writing dependency_links to ../../build/fixed_path_nav/fixed_path_nav.egg-info/dependency_links.txt
[1.052s] writing entry points to ../../build/fixed_path_nav/fixed_path_nav.egg-info/entry_points.txt
[1.055s] writing requirements to ../../build/fixed_path_nav/fixed_path_nav.egg-info/requires.txt
[1.056s] writing top-level names to ../../build/fixed_path_nav/fixed_path_nav.egg-info/top_level.txt
[1.059s] writing manifest file '../../build/fixed_path_nav/fixed_path_nav.egg-info/SOURCES.txt'
[1.101s] reading manifest file '../../build/fixed_path_nav/fixed_path_nav.egg-info/SOURCES.txt'
[1.103s] writing manifest file '../../build/fixed_path_nav/fixed_path_nav.egg-info/SOURCES.txt'
[1.103s] running build
[1.104s] running build_py
[1.104s] creating /home/vinnu/fixed_path_ws/build/fixed_path_nav/build
[1.104s] creating /home/vinnu/fixed_path_ws/build/fixed_path_nav/build/lib
[1.104s] creating /home/vinnu/fixed_path_ws/build/fixed_path_nav/build/lib/fixed_path_nav
[1.104s] copying fixed_path_nav/__init__.py -> /home/vinnu/fixed_path_ws/build/fixed_path_nav/build/lib/fixed_path_nav
[1.104s] copying fixed_path_nav/path_sender.py -> /home/vinnu/fixed_path_ws/build/fixed_path_nav/build/lib/fixed_path_nav
[1.104s] running install
[1.105s] running install_lib
[1.107s] creating /home/vinnu/fixed_path_ws/install/fixed_path_nav/lib/python3.8/site-packages/fixed_path_nav
[1.107s] copying /home/vinnu/fixed_path_ws/build/fixed_path_nav/build/lib/fixed_path_nav/__init__.py -> /home/vinnu/fixed_path_ws/install/fixed_path_nav/lib/python3.8/site-packages/fixed_path_nav
[1.107s] copying /home/vinnu/fixed_path_ws/build/fixed_path_nav/build/lib/fixed_path_nav/path_sender.py -> /home/vinnu/fixed_path_ws/install/fixed_path_nav/lib/python3.8/site-packages/fixed_path_nav
[1.107s] byte-compiling /home/vinnu/fixed_path_ws/install/fixed_path_nav/lib/python3.8/site-packages/fixed_path_nav/__init__.py to __init__.cpython-38.pyc
[1.109s] byte-compiling /home/vinnu/fixed_path_ws/install/fixed_path_nav/lib/python3.8/site-packages/fixed_path_nav/path_sender.py to path_sender.cpython-38.pyc
[1.110s] running install_egg_info
[1.112s] Copying ../../build/fixed_path_nav/fixed_path_nav.egg-info to /home/vinnu/fixed_path_ws/install/fixed_path_nav/lib/python3.8/site-packages/fixed_path_nav-0.0.0-py3.8.egg-info
[1.113s] running install_scripts
[1.138s] Installing path_sender script to /home/vinnu/fixed_path_ws/install/fixed_path_nav/lib/fixed_path_nav
[1.138s] writing list of installed files to '/home/vinnu/fixed_path_ws/build/fixed_path_nav/install.log'
[1.169s] Invoked command in '/home/vinnu/fixed_path_ws/src/fixed_path_nav' returned '0': PYTHONPATH=/home/vinnu/fixed_path_ws/build/fixed_path_nav/prefix_override:/usr/lib/python3/dist-packages/colcon_core/task/python/colcon_distutils_commands:/home/vinnu/fixed_path_ws/install/fixed_path_nav/lib/python3.8/site-packages:${PYTHONPATH} /usr/bin/python3 -W ignore:setup.py install is deprecated -W ignore:easy_install command is deprecated setup.py egg_info --egg-base ../../build/fixed_path_nav build --build-base /home/vinnu/fixed_path_ws/build/fixed_path_nav/build install --record /home/vinnu/fixed_path_ws/build/fixed_path_nav/install.log --single-version-externally-managed
